找到 116 個懷疑是硬編碼、未翻譯的文字：

檔案: e:\vs code\已經發佈到GITHUB\Better Pterodactyl\v1.12.1\resources\scripts\components\auth\LoginFormContainer.tsx
  - [jsx-text] Please enter your credentials to access the panel.
  - [jsx-text] Pterodactyl Software

檔案: e:\vs code\已經發佈到GITHUB\Better Pterodactyl\v1.12.1\resources\scripts\components\dashboard\ApiKeyModal.tsx
  - [jsx-text] Your API Key
  - [jsx-text] Close

檔案: e:\vs code\已經發佈到GITHUB\Better Pterodactyl\v1.12.1\resources\scripts\components\dashboard\ServerRow.tsx
  - [jsx-text] (null) as React.MutableRefObject

檔案: e:\vs code\已經發佈到GITHUB\Better Pterodactyl\v1.12.1\resources\scripts\components\dashboard\forms\RecoveryTokensDialog.tsx
  - [jsx-text] &nbsp;
  - [jsx-text] &nbsp;

檔案: e:\vs code\已經發佈到GITHUB\Better Pterodactyl\v1.12.1\resources\scripts\components\elements\AuthenticatedRoute.tsx
  - [jsx-text] isAuthenticated ? children :

檔案: e:\vs code\已經發佈到GITHUB\Better Pterodactyl\v1.12.1\resources\scripts\components\elements\CodemirrorEditor.tsx
  - [jsx-text] Promise

檔案: e:\vs code\已經發佈到GITHUB\Better Pterodactyl\v1.12.1\resources\scripts\components\elements\ConfirmationModal.tsx
  - [jsx-text] Cancel

檔案: e:\vs code\已經發佈到GITHUB\Better Pterodactyl\v1.12.1\resources\scripts\components\elements\DropdownMenu.tsx
  - [jsx-text] , prevState: Readonly

檔案: e:\vs code\已經發佈到GITHUB\Better Pterodactyl\v1.12.1\resources\scripts\components\elements\ErrorBoundary.tsx
  - [jsx-text] An error was encountered by the application while rendering this view. Try refreshing the page.

檔案: e:\vs code\已經發佈到GITHUB\Better Pterodactyl\v1.12.1\resources\scripts\components\elements\Field.tsx
  - [jsx-text] undefined | string | Promise
  - [jsx-text] ) : description ? (

檔案: e:\vs code\已經發佈到GITHUB\Better Pterodactyl\v1.12.1\resources\scripts\components\elements\FormikFieldWrapper.tsx
  - [jsx-text] undefined | string | Promise

檔案: e:\vs code\已經發佈到GITHUB\Better Pterodactyl\v1.12.1\resources\scripts\components\elements\PageContentBlock.tsx
  - [jsx-text] Pterodactyl&reg;

檔案: e:\vs code\已經發佈到GITHUB\Better Pterodactyl\v1.12.1\resources\scripts\components\elements\PermissionRoute.tsx
  - [attr-title] Access Denied
  - [attr-message] You do not have permission to access this page.

檔案: e:\vs code\已經發佈到GITHUB\Better Pterodactyl\v1.12.1\resources\scripts\components\elements\ProgressBar.tsx
  - [jsx-text] (null) as React.MutableRefObject
  - [jsx-text] (null) as React.MutableRefObject

檔案: e:\vs code\已經發佈到GITHUB\Better Pterodactyl\v1.12.1\resources\scripts\components\elements\ScreenBlock.tsx
  - [jsx-text] | Omit

檔案: e:\vs code\已經發佈到GITHUB\Better Pterodactyl\v1.12.1\resources\scripts\components\elements\Spinner.tsx
  - [jsx-text] centered ? (

檔案: e:\vs code\已經發佈到GITHUB\Better Pterodactyl\v1.12.1\resources\scripts\components\elements\activity\ActivityLogEntry.tsx
  - [jsx-text] &nbsp;&mdash;&nbsp;
  - [jsx-text] &nbsp;|&nbsp;
  - [attr-content] Using API Key
  - [attr-content] Using SFTP

檔案: e:\vs code\已經發佈到GITHUB\Better Pterodactyl\v1.12.1\resources\scripts\components\elements\activity\ActivityLogMetaButton.tsx
  - [jsx-text] Close
  - [attr-title] Metadata

檔案: e:\vs code\已經發佈到GITHUB\Better Pterodactyl\v1.12.1\resources\scripts\components\elements\dialog\ConfirmationDialog.tsx
  - [jsx-text] Cancel

檔案: e:\vs code\已經發佈到GITHUB\Better Pterodactyl\v1.12.1\resources\scripts\components\elements\dropdown\Dropdown.tsx
  - [jsx-text] component without a child

檔案: e:\vs code\已經發佈到GITHUB\Better Pterodactyl\v1.12.1\resources\scripts\components\elements\table\PaginationFooter.tsx
  - [jsx-text] Showing&nbsp;
  - [jsx-text] &nbsp;to&nbsp;
  - [jsx-text] of&nbsp;
  - [jsx-text] results.

檔案: e:\vs code\已經發佈到GITHUB\Better Pterodactyl\v1.12.1\resources\scripts\components\server\ConflictStateRenderer.tsx
  - [jsx-text] ) : status === 'suspended' ? (
  - [jsx-text] ) : isNodeUnderMaintenance ? (

檔案: e:\vs code\已經發佈到GITHUB\Better Pterodactyl\v1.12.1\resources\scripts\components\server\ServerActivityLogContainer.tsx
  - [jsx-text] ) : !data?.items.length ? (

檔案: e:\vs code\已經發佈到GITHUB\Better Pterodactyl\v1.12.1\resources\scripts\components\server\WebsocketHandler.tsx
  - [jsx-text] We&apos;re having some trouble connecting to your server, please wait...

檔案: e:\vs code\已經發佈到GITHUB\Better Pterodactyl\v1.12.1\resources\scripts\components\server\backups\BackupContextMenu.tsx
  - [attr-confirm] 還原
  - [attr-confirm] 繼續

檔案: e:\vs code\已經發佈到GITHUB\Better Pterodactyl\v1.12.1\resources\scripts\components\server\features\PIDLimitModalFeature.tsx
  - [jsx-text] pthread_create failed, Possibly out of memory or process/resource limits reached

檔案: e:\vs code\已經發佈到GITHUB\Better Pterodactyl\v1.12.1\resources\scripts\components\server\files\ChmodFileModal.tsx
  - [jsx-text] Update
  - [attr-label] File Mode

檔案: e:\vs code\已經發佈到GITHUB\Better Pterodactyl\v1.12.1\resources\scripts\components\server\files\FileEditContainer.tsx
  - [jsx-text] Promise
  - [jsx-text] .pteroignore

檔案: e:\vs code\已經發佈到GITHUB\Better Pterodactyl\v1.12.1\resources\scripts\components\server\files\FileManagerBreadcrumbs.tsx
  - [jsx-text] home
  - [jsx-text] container
  - [jsx-text] crumb.path ? (

檔案: e:\vs code\已經發佈到GITHUB\Better Pterodactyl\v1.12.1\resources\scripts\components\server\files\FileNameModal.tsx
  - [jsx-text] Create File
  - [attr-label] File Name
  - [attr-description] Enter the name that this file should be saved as.

檔案: e:\vs code\已經發佈到GITHUB\Better Pterodactyl\v1.12.1\resources\scripts\components\server\files\NewDirectoryButton.tsx
  - [jsx-text] This directory will be created as&nbsp;
  - [jsx-text] /home/container/
  - [jsx-text] Cancel
  - [jsx-text] Create
  - [jsx-text] Create Directory
  - [attr-label] Name

檔案: e:\vs code\已經發佈到GITHUB\Better Pterodactyl\v1.12.1\resources\scripts\components\server\files\RenameFileModal.tsx
  - [jsx-text] New location:
  - [attr-label] File Name

檔案: e:\vs code\已經發佈到GITHUB\Better Pterodactyl\v1.12.1\resources\scripts\components\server\files\UploadButton.tsx
  - [jsx-text] Drag and drop files to upload.
  - [jsx-text] Upload

檔案: e:\vs code\已經發佈到GITHUB\Better Pterodactyl\v1.12.1\resources\scripts\components\server\schedules\DeleteScheduleButton.tsx
  - [jsx-text] All tasks will be removed and any running processes will be terminated.
  - [jsx-text] Delete
  - [attr-title] Delete Schedule
  - [attr-confirm] Delete

檔案: e:\vs code\已經發佈到GITHUB\Better Pterodactyl\v1.12.1\resources\scripts\components\server\schedules\NewTaskButton.tsx
  - [jsx-text] New Task

檔案: e:\vs code\已經發佈到GITHUB\Better Pterodactyl\v1.12.1\resources\scripts\components\server\schedules\RunScheduleButton.tsx
  - [jsx-text] Run Now

檔案: e:\vs code\已經發佈到GITHUB\Better Pterodactyl\v1.12.1\resources\scripts\components\server\schedules\ScheduleCheatsheetCards.tsx
  - [jsx-text] Examples
  - [jsx-text] every 5 minutes
  - [jsx-text] every hour
  - [jsx-text] hour range
  - [jsx-text] once a day
  - [jsx-text] 0 0 * * MON
  - [jsx-text] every Monday
  - [jsx-text] Special Characters
  - [jsx-text] any value
  - [jsx-text] value list separator
  - [jsx-text] range values
  - [jsx-text] step values

檔案: e:\vs code\已經發佈到GITHUB\Better Pterodactyl\v1.12.1\resources\scripts\components\server\schedules\ScheduleCronRow.tsx
  - [jsx-text] Minute
  - [jsx-text] Hour
  - [jsx-text] Day (Month)
  - [jsx-text] Month
  - [jsx-text] Day (Week)

檔案: e:\vs code\已經發佈到GITHUB\Better Pterodactyl\v1.12.1\resources\scripts\components\server\schedules\ScheduleEditContainer.tsx
  - [attr-title] 分鐘
  - [attr-title] 小時
  - [attr-title] 日 (月)
  - [attr-title] 月
  - [attr-title] 星期

檔案: e:\vs code\已經發佈到GITHUB\Better Pterodactyl\v1.12.1\resources\scripts\components\server\schedules\ScheduleTaskRow.tsx
  - [jsx-text] Are you sure you want to delete this task? This action cannot be undone.
  - [jsx-text] Ignoring files & folders:
  - [jsx-text] Continues on Failure
  - [attr-title] Confirm task deletion
  - [attr-buttonText] Delete Task
  - [attr-label] Edit scheduled task
  - [attr-label] Delete scheduled task

檔案: e:\vs code\已經發佈到GITHUB\Better Pterodactyl\v1.12.1\resources\scripts\components\server\schedules\TaskDetailsModal.tsx
  - [jsx-text] 內容 (Payload)
  - [jsx-text] ) : values.action === 'power' ? (
  - [jsx-text] 內容 (Payload)
  - [attr-label] 時間偏移 (秒)
  - [attr-description] 執行此任務前在前一個任務完成後要等待的秒數。如果這是排程的第一個任務，將不會套用。
  - [attr-description] 選填。要在此備份中排除的檔案和資料夾。預設情況下將使用您的 .pteroignore 檔案內容。如果達到備份上限，將輪替最舊的備份。
  - [attr-description] 當此任務失敗時，未來的任務將繼續執行。
  - [attr-label] 失敗時繼續

檔案: e:\vs code\已經發佈到GITHUB\Better Pterodactyl\v1.12.1\resources\scripts\components\server\users\UserRow.tsx
  - [jsx-text] &nbsp;
  - [jsx-text] &nbsp;

檔案: e:\vs code\已經發佈到GITHUB\Better Pterodactyl\v1.12.1\resources\scripts\hoc\asDialog.tsx
  - [jsx-text] (C: React.ComponentType
  - [jsx-text] React.FunctionComponent

檔案: e:\vs code\已經發佈到GITHUB\Better Pterodactyl\v1.12.1\resources\scripts\hoc\asModal.tsx
  - [jsx-text] = (C: React.ComponentType
  - [jsx-text] React.ComponentType
  - [jsx-text] , prevState: Readonly

檔案: e:\vs code\已經發佈到GITHUB\Better Pterodactyl\v1.12.1\resources\scripts\hoc\RequireServerPermission.tsx
  - [attr-title] Access Denied
  - [attr-message] You do not have permission to access this page.

檔案: e:\vs code\已經發佈到GITHUB\Better Pterodactyl\v1.12.1\resources\scripts\routers\AuthenticationRouter.tsx
  - [jsx-text] Better Pterodactyl
  - [jsx-text] Welcome Back

檔案: e:\vs code\已經發佈到GITHUB\Better Pterodactyl\v1.12.1\resources\scripts\routers\ServerRouter.tsx
  - [jsx-text] route.permission ? (

